[5.969s] DEBUG:colcon:Command line arguments: ['/usr/bin/colcon', 'build']
[5.969s] DEBUG:colcon:Parsed command line arguments: Namespace(log_base=None, log_level=None, verb_name='build', build_base='build', install_base='install', merge_install=False, symlink_install=False, test_result_base=None, continue_on_error=False, executor='parallel', parallel_workers=16, event_handlers=None, ignore_user_meta=False, metas=['./colcon.meta'], base_paths=['.'], packages_ignore=None, packages_ignore_regex=None, paths=None, packages_up_to=None, packages_up_to_regex=None, packages_above=None, packages_above_and_dependencies=None, packages_above_depth=None, packages_select_by_dep=None, packages_skip_by_dep=None, packages_skip_up_to=None, packages_select_build_failed=False, packages_skip_build_finished=False, packages_select_test_failures=False, packages_skip_test_passed=False, packages_select=None, packages_skip=None, packages_select_regex=None, packages_skip_regex=None, packages_start=None, packages_end=None, allow_overriding=[], cmake_args=None, cmake_target=None, cmake_target_skip_unavailable=False, cmake_clean_cache=False, cmake_clean_first=False, cmake_force_configure=False, ament_cmake_args=None, catkin_cmake_args=None, catkin_skip_building_tests=False, mixin_files=None, mixin=None, verb_parser=<colcon_mixin.mixin.mixin_argument.MixinArgumentDecorator object at 0x7ff26458a780>, verb_extension=<colcon_core.verb.build.BuildVerb object at 0x7ff2646e66c0>, main=<bound method BuildVerb.main of <colcon_core.verb.build.BuildVerb object at 0x7ff2646e66c0>>, mixin_verb=('build',))
[7.027s] Level 1:colcon.colcon_core.package_discovery:discover_packages(colcon_meta) check parameters
[7.027s] Level 1:colcon.colcon_core.package_discovery:discover_packages(recursive) check parameters
[7.028s] Level 1:colcon.colcon_core.package_discovery:discover_packages(ignore) check parameters
[7.028s] Level 1:colcon.colcon_core.package_discovery:discover_packages(path) check parameters
[7.028s] Level 1:colcon.colcon_core.package_discovery:discover_packages(colcon_meta) discover
[7.028s] Level 1:colcon.colcon_core.package_discovery:discover_packages(recursive) discover
[7.028s] INFO:colcon.colcon_core.package_discovery:Crawling recursively for packages in '/home/tarun2006/mm_ros2_ws/src'
[7.028s] Level 1:colcon.colcon_core.package_identification:_identify(.) by extensions ['ignore', 'ignore_ament_install']
[7.032s] Level 1:colcon.colcon_core.package_identification:_identify(.) by extension 'ignore'
[7.032s] Level 1:colcon.colcon_core.package_identification:_identify(.) by extension 'ignore_ament_install'
[7.032s] Level 1:colcon.colcon_core.package_identification:_identify(.) by extensions ['colcon_pkg']
[7.032s] Level 1:colcon.colcon_core.package_identification:_identify(.) by extension 'colcon_pkg'
[7.032s] Level 1:colcon.colcon_core.package_identification:_identify(.) by extensions ['colcon_meta']
[7.032s] Level 1:colcon.colcon_core.package_identification:_identify(.) by extension 'colcon_meta'
[7.033s] Level 1:colcon.colcon_core.package_identification:_identify(.) by extensions ['ros']
[7.033s] Level 1:colcon.colcon_core.package_identification:_identify(.) by extension 'ros'
[7.076s] Level 1:colcon.colcon_core.package_identification:_identify(.) by extensions ['cmake', 'python']
[7.076s] Level 1:colcon.colcon_core.package_identification:_identify(.) by extension 'cmake'
[7.076s] Level 1:colcon.colcon_core.package_identification:_identify(.) by extension 'python'
[7.076s] Level 1:colcon.colcon_core.package_identification:_identify(.) by extensions ['python_setup_py']
[7.076s] Level 1:colcon.colcon_core.package_identification:_identify(.) by extension 'python_setup_py'
[7.077s] Level 1:colcon.colcon_core.package_identification:_identify(build) by extensions ['ignore', 'ignore_ament_install']
[7.077s] Level 1:colcon.colcon_core.package_identification:_identify(build) by extension 'ignore'
[7.077s] Level 1:colcon.colcon_core.package_identification:_identify(build) ignored
[7.077s] Level 1:colcon.colcon_core.package_identification:_identify(install) by extensions ['ignore', 'ignore_ament_install']
[7.077s] Level 1:colcon.colcon_core.package_identification:_identify(install) by extension 'ignore'
[7.078s] Level 1:colcon.colcon_core.package_identification:_identify(install) ignored
[7.078s] Level 1:colcon.colcon_core.package_identification:_identify(log) by extensions ['ignore', 'ignore_ament_install']
[7.078s] Level 1:colcon.colcon_core.package_identification:_identify(log) by extension 'ignore'
[7.078s] Level 1:colcon.colcon_core.package_identification:_identify(log) ignored
[7.078s] Level 1:colcon.colcon_core.package_identification:_identify(mono_perception_pipeline) by extensions ['ignore', 'ignore_ament_install']
[7.078s] Level 1:colcon.colcon_core.package_identification:_identify(mono_perception_pipeline) by extension 'ignore'
[7.079s] Level 1:colcon.colcon_core.package_identification:_identify(mono_perception_pipeline) by extension 'ignore_ament_install'
[7.079s] Level 1:colcon.colcon_core.package_identification:_identify(mono_perception_pipeline) by extensions ['colcon_pkg']
[7.079s] Level 1:colcon.colcon_core.package_identification:_identify(mono_perception_pipeline) by extension 'colcon_pkg'
[7.079s] Level 1:colcon.colcon_core.package_identification:_identify(mono_perception_pipeline) by extensions ['colcon_meta']
[7.079s] Level 1:colcon.colcon_core.package_identification:_identify(mono_perception_pipeline) by extension 'colcon_meta'
[7.079s] Level 1:colcon.colcon_core.package_identification:_identify(mono_perception_pipeline) by extensions ['ros']
[7.079s] Level 1:colcon.colcon_core.package_identification:_identify(mono_perception_pipeline) by extension 'ros'
[7.097s] DEBUG:colcon.colcon_core.package_identification:Package 'mono_perception_pipeline' with type 'ros.ament_python' and name 'mono_perception_pipeline'
[7.097s] Level 1:colcon.colcon_core.package_discovery:discover_packages(recursive) using defaults
[7.097s] Level 1:colcon.colcon_core.package_discovery:discover_packages(ignore) discover
[7.097s] Level 1:colcon.colcon_core.package_discovery:discover_packages(ignore) using defaults
[7.097s] Level 1:colcon.colcon_core.package_discovery:discover_packages(path) discover
[7.097s] Level 1:colcon.colcon_core.package_discovery:discover_packages(path) using defaults
[7.352s] Level 1:colcon.colcon_core.package_discovery:discover_packages(prefix_path) check parameters
[7.353s] Level 1:colcon.colcon_core.package_discovery:discover_packages(prefix_path) discover
[7.486s] DEBUG:colcon.colcon_installed_package_information.package_discovery:Found 350 installed packages in /opt/ros/jazzy
[7.490s] Level 1:colcon.colcon_core.package_discovery:discover_packages(prefix_path) using defaults
[8.524s] Level 5:colcon.colcon_core.verb:set package 'mono_perception_pipeline' build argument 'cmake_args' from command line to 'None'
[8.525s] Level 5:colcon.colcon_core.verb:set package 'mono_perception_pipeline' build argument 'cmake_target' from command line to 'None'
[8.525s] Level 5:colcon.colcon_core.verb:set package 'mono_perception_pipeline' build argument 'cmake_target_skip_unavailable' from command line to 'False'
[8.525s] Level 5:colcon.colcon_core.verb:set package 'mono_perception_pipeline' build argument 'cmake_clean_cache' from command line to 'False'
[8.525s] Level 5:colcon.colcon_core.verb:set package 'mono_perception_pipeline' build argument 'cmake_clean_first' from command line to 'False'
[8.525s] Level 5:colcon.colcon_core.verb:set package 'mono_perception_pipeline' build argument 'cmake_force_configure' from command line to 'False'
[8.525s] Level 5:colcon.colcon_core.verb:set package 'mono_perception_pipeline' build argument 'ament_cmake_args' from command line to 'None'
[8.525s] Level 5:colcon.colcon_core.verb:set package 'mono_perception_pipeline' build argument 'catkin_cmake_args' from command line to 'None'
[8.525s] Level 5:colcon.colcon_core.verb:set package 'mono_perception_pipeline' build argument 'catkin_skip_building_tests' from command line to 'False'
[8.525s] DEBUG:colcon.colcon_core.verb:Building package 'mono_perception_pipeline' with the following arguments: {'ament_cmake_args': None, 'build_base': '/home/tarun2006/mm_ros2_ws/src/build/mono_perception_pipeline', 'catkin_cmake_args': None, 'catkin_skip_building_tests': False, 'cmake_args': None, 'cmake_clean_cache': False, 'cmake_clean_first': False, 'cmake_force_configure': False, 'cmake_target': None, 'cmake_target_skip_unavailable': False, 'install_base': '/home/tarun2006/mm_ros2_ws/src/install/mono_perception_pipeline', 'merge_install': False, 'path': '/home/tarun2006/mm_ros2_ws/src/mono_perception_pipeline', 'symlink_install': False, 'test_result_base': None}
[8.525s] INFO:colcon.colcon_core.executor:Executing jobs using 'parallel' executor
[8.528s] DEBUG:colcon.colcon_parallel_executor.executor.parallel:run_until_complete
[8.529s] INFO:colcon.colcon_ros.task.ament_python.build:Building ROS package in '/home/tarun2006/mm_ros2_ws/src/mono_perception_pipeline' with build type 'ament_python'
[8.529s] Level 1:colcon.colcon_core.shell:create_environment_hook('mono_perception_pipeline', 'ament_prefix_path')
[8.707s] INFO:colcon.colcon_core.plugin_system:Skipping extension 'colcon_core.shell.bat': Not used on non-Windows systems
[8.707s] INFO:colcon.colcon_core.shell:Creating environment hook '/home/tarun2006/mm_ros2_ws/src/install/mono_perception_pipeline/share/mono_perception_pipeline/hook/ament_prefix_path.ps1'
[8.741s] INFO:colcon.colcon_core.shell:Creating environment descriptor '/home/tarun2006/mm_ros2_ws/src/install/mono_perception_pipeline/share/mono_perception_pipeline/hook/ament_prefix_path.dsv'
[8.747s] INFO:colcon.colcon_core.shell:Creating environment hook '/home/tarun2006/mm_ros2_ws/src/install/mono_perception_pipeline/share/mono_perception_pipeline/hook/ament_prefix_path.sh'
[8.749s] INFO:colcon.colcon_core.shell:Skip shell extension 'powershell' for command environment: Not usable outside of PowerShell
[8.750s] DEBUG:colcon.colcon_core.shell:Skip shell extension 'dsv' for command environment
[9.554s] INFO:colcon.colcon_core.task.python.build:Building Python package in '/home/tarun2006/mm_ros2_ws/src/mono_perception_pipeline'
[9.555s] INFO:colcon.colcon_core.shell:Skip shell extension 'powershell' for command environment: Not usable outside of PowerShell
[9.555s] DEBUG:colcon.colcon_core.shell:Skip shell extension 'dsv' for command environment
[15.067s] DEBUG:colcon.colcon_core.event_handler.log_command:Invoking command in '/home/tarun2006/mm_ros2_ws/src/mono_perception_pipeline': PYTHONPATH=/home/tarun2006/mm_ros2_ws/src/build/mono_perception_pipeline/prefix_override:/usr/lib/python3/dist-packages/colcon_core/task/python/colcon_distutils_commands:/home/tarun2006/mm_ros2_ws/src/install/mono_perception_pipeline/lib/python3.12/site-packages:${PYTHONPATH} /usr/bin/python3 -W ignore:setup.py install is deprecated -W ignore:easy_install command is deprecated setup.py egg_info --egg-base ../build/mono_perception_pipeline build --build-base /home/tarun2006/mm_ros2_ws/src/build/mono_perception_pipeline/build install --record /home/tarun2006/mm_ros2_ws/src/build/mono_perception_pipeline/install.log --single-version-externally-managed install_data
[15.976s] DEBUG:colcon.colcon_core.event_handler.log_command:Invoked command in '/home/tarun2006/mm_ros2_ws/src/mono_perception_pipeline' returned '0': PYTHONPATH=/home/tarun2006/mm_ros2_ws/src/build/mono_perception_pipeline/prefix_override:/usr/lib/python3/dist-packages/colcon_core/task/python/colcon_distutils_commands:/home/tarun2006/mm_ros2_ws/src/install/mono_perception_pipeline/lib/python3.12/site-packages:${PYTHONPATH} /usr/bin/python3 -W ignore:setup.py install is deprecated -W ignore:easy_install command is deprecated setup.py egg_info --egg-base ../build/mono_perception_pipeline build --build-base /home/tarun2006/mm_ros2_ws/src/build/mono_perception_pipeline/build install --record /home/tarun2006/mm_ros2_ws/src/build/mono_perception_pipeline/install.log --single-version-externally-managed install_data
[16.138s] Level 1:colcon.colcon_core.environment:checking '/home/tarun2006/mm_ros2_ws/src/install/mono_perception_pipeline' for CMake module files
[16.139s] Level 1:colcon.colcon_core.environment:checking '/home/tarun2006/mm_ros2_ws/src/install/mono_perception_pipeline' for CMake config files
[16.140s] Level 1:colcon.colcon_core.environment:checking '/home/tarun2006/mm_ros2_ws/src/install/mono_perception_pipeline/lib'
[16.140s] Level 1:colcon.colcon_core.environment:checking '/home/tarun2006/mm_ros2_ws/src/install/mono_perception_pipeline/bin'
[16.140s] Level 1:colcon.colcon_core.environment:checking '/home/tarun2006/mm_ros2_ws/src/install/mono_perception_pipeline/lib/pkgconfig/mono_perception_pipeline.pc'
[16.141s] Level 1:colcon.colcon_core.environment:checking '/home/tarun2006/mm_ros2_ws/src/install/mono_perception_pipeline/lib/python3.12/site-packages'
[16.141s] Level 1:colcon.colcon_core.shell:create_environment_hook('mono_perception_pipeline', 'pythonpath')
[16.141s] INFO:colcon.colcon_core.shell:Creating environment hook '/home/tarun2006/mm_ros2_ws/src/install/mono_perception_pipeline/share/mono_perception_pipeline/hook/pythonpath.ps1'
[16.142s] INFO:colcon.colcon_core.shell:Creating environment descriptor '/home/tarun2006/mm_ros2_ws/src/install/mono_perception_pipeline/share/mono_perception_pipeline/hook/pythonpath.dsv'
[16.142s] INFO:colcon.colcon_core.shell:Creating environment hook '/home/tarun2006/mm_ros2_ws/src/install/mono_perception_pipeline/share/mono_perception_pipeline/hook/pythonpath.sh'
[16.143s] Level 1:colcon.colcon_core.environment:checking '/home/tarun2006/mm_ros2_ws/src/install/mono_perception_pipeline/bin'
[16.143s] Level 1:colcon.colcon_core.environment:create_environment_scripts_only(mono_perception_pipeline)
[16.144s] INFO:colcon.colcon_core.shell:Creating package script '/home/tarun2006/mm_ros2_ws/src/install/mono_perception_pipeline/share/mono_perception_pipeline/package.ps1'
[16.153s] INFO:colcon.colcon_core.shell:Creating package descriptor '/home/tarun2006/mm_ros2_ws/src/install/mono_perception_pipeline/share/mono_perception_pipeline/package.dsv'
[16.176s] INFO:colcon.colcon_core.shell:Creating package script '/home/tarun2006/mm_ros2_ws/src/install/mono_perception_pipeline/share/mono_perception_pipeline/package.sh'
[16.185s] INFO:colcon.colcon_core.shell:Creating package script '/home/tarun2006/mm_ros2_ws/src/install/mono_perception_pipeline/share/mono_perception_pipeline/package.bash'
[16.198s] INFO:colcon.colcon_core.shell:Creating package script '/home/tarun2006/mm_ros2_ws/src/install/mono_perception_pipeline/share/mono_perception_pipeline/package.zsh'
[16.201s] Level 1:colcon.colcon_core.environment:create_file_with_runtime_dependencies(/home/tarun2006/mm_ros2_ws/src/install/mono_perception_pipeline/share/colcon-core/packages/mono_perception_pipeline)
[16.202s] DEBUG:colcon.colcon_parallel_executor.executor.parallel:closing loop
[16.204s] DEBUG:colcon.colcon_parallel_executor.executor.parallel:loop closed
[16.204s] DEBUG:colcon.colcon_parallel_executor.executor.parallel:run_until_complete finished with '0'
[16.205s] DEBUG:colcon.colcon_core.event_reactor:joining thread
[16.486s] INFO:colcon.colcon_core.plugin_system:Skipping extension 'colcon_notification.desktop_notification.notify_send': Could not find 'notify-send'
[16.486s] INFO:colcon.colcon_core.plugin_system:Skipping extension 'colcon_notification.desktop_notification.terminal_notifier': Not used on non-Darwin systems
[16.486s] INFO:colcon.colcon_core.plugin_system:Skipping extension 'colcon_notification.desktop_notification.win32': Not used on non-Windows systems
[16.486s] INFO:colcon.colcon_notification.desktop_notification:Sending desktop notification using 'notify2'
[16.486s] DEBUG:colcon.colcon_notification.desktop_notification.notify2:Failed to initialize notify2: org.freedesktop.DBus.Error.NoServer: Failed to connect to socket /run/user/1000/bus: Connection refused
[16.486s] DEBUG:colcon.colcon_core.event_reactor:joined thread
[16.487s] INFO:colcon.colcon_core.shell:Creating prefix script '/home/tarun2006/mm_ros2_ws/src/install/local_setup.ps1'
[16.519s] INFO:colcon.colcon_core.shell:Creating prefix util module '/home/tarun2006/mm_ros2_ws/src/install/_local_setup_util_ps1.py'
[16.535s] INFO:colcon.colcon_core.shell:Creating prefix chain script '/home/tarun2006/mm_ros2_ws/src/install/setup.ps1'
[16.554s] INFO:colcon.colcon_core.shell:Creating prefix script '/home/tarun2006/mm_ros2_ws/src/install/local_setup.sh'
[16.577s] INFO:colcon.colcon_core.shell:Creating prefix util module '/home/tarun2006/mm_ros2_ws/src/install/_local_setup_util_sh.py'
[16.577s] INFO:colcon.colcon_core.shell:Creating prefix chain script '/home/tarun2006/mm_ros2_ws/src/install/setup.sh'
[16.586s] INFO:colcon.colcon_core.shell:Creating prefix script '/home/tarun2006/mm_ros2_ws/src/install/local_setup.bash'
[16.595s] INFO:colcon.colcon_core.shell:Creating prefix chain script '/home/tarun2006/mm_ros2_ws/src/install/setup.bash'
[16.604s] INFO:colcon.colcon_core.shell:Creating prefix script '/home/tarun2006/mm_ros2_ws/src/install/local_setup.zsh'
[16.612s] INFO:colcon.colcon_core.shell:Creating prefix chain script '/home/tarun2006/mm_ros2_ws/src/install/setup.zsh'
